// Jest Snapshot v1, https://goo.gl/fbAQLP

exports[`renders without crashing 1`] = `
<NavLink
  activeStyle={
    Object {
      "color": "black",
      "textDecoration": "none",
    }
  }
  exact={true}
  to="/undefined"
/>
`;
