// Jest Snapshot v1, https://goo.gl/fbAQLP

exports[`renders without crashing 1`] = `
<p>
  Show:
   
  <FilterLink
    filter="all"
  >
    All
  </FilterLink>
  , 
  <FilterLink
    filter="active"
  >
    Active
  </FilterLink>
  , 
  <FilterLink
    filter="completed"
  >
    Completed
  </FilterLink>
</p>
`;
